// Vitest Snapshot v1

exports[`VerticalTabs Component > should render the component 1`] = `
<body>
  <div>
    <div
      class="home-page"
    >
      <div
        class="banner"
      >
        <div
          class="container"
        >
          <h1
            class="logo-font"
          >
            conduit
          </h1>
           
          <p>
            A place to share your knowledge.
          </p>
        </div>
      </div>
       
      <div
        class="container page"
      >
        <div
          class="row"
        >
          <div
            class="col-md-9"
          >
            <div
              class="feed-toggle"
            >
              <ul
                class="nav nav-pills outline-active"
              >
                <li
                  class="nav-item"
                >
                  <a
                    class="nav-link active"
                    href="/"
                  >
                    Global Feed
                  </a>
                </li>
                 
                <li
                  class="nav-item"
                >
                  <a
                    class="nav-link"
                    href="/login"
                  >
                    Sign in to see your Feed
                  </a>
                </li>
                 
              </ul>
            </div>
             
          </div>
           
          <div
            class="col-md-3"
          >
            <div
              class="sidebar"
            >
              <p>
                Popular Tags
              </p>
               
              <div
                class="tag-list"
              >
                <a
                  class="tag-pill tag-default"
                  data-testid="homepage-tag"
                  href="/?tag=a tag"
                >
                  a tag
                </a>
              </div>
            </div>
          </div>
        </div>
      </div>
    </div>
    <!--&lt;Home&gt;-->
  </div>
</body>
`;
